Archive member included to satisfy reference by file (symbol)

c:/st/stm32cubeide_1.7.0/stm32cubeide/plugins/com.st.stm32cube.ide.mcu.externaltools.gnu-tools-for-stm32.9-2020-q2-update.win32_2.0.0.202105311346/tools/bin/../lib/gcc/arm-none-eabi/9.3.1/../../../../arm-none-eabi/lib/thumb/v7-m/nofp\libc_nano.a(lib_a-errno.o)
                              ./Core/Src/syscalls.o (__errno)
c:/st/stm32cubeide_1.7.0/stm32cubeide/plugins/com.st.stm32cube.ide.mcu.externaltools.gnu-tools-for-stm32.9-2020-q2-update.win32_2.0.0.202105311346/tools/bin/../lib/gcc/arm-none-eabi/9.3.1/../../../../arm-none-eabi/lib/thumb/v7-m/nofp\libc_nano.a(lib_a-exit.o)
                              c:/st/stm32cubeide_1.7.0/stm32cubeide/plugins/com.st.stm32cube.ide.mcu.externaltools.gnu-tools-for-stm32.9-2020-q2-update.win32_2.0.0.202105311346/tools/bin/../lib/gcc/arm-none-eabi/9.3.1/../../../../arm-none-eabi/lib/thumb/v7-m/nofp/crt0.o (exit)
c:/st/stm32cubeide_1.7.0/stm32cubeide/plugins/com.st.stm32cube.ide.mcu.externaltools.gnu-tools-for-stm32.9-2020-q2-update.win32_2.0.0.202105311346/tools/bin/../lib/gcc/arm-none-eabi/9.3.1/../../../../arm-none-eabi/lib/thumb/v7-m/nofp\libc_nano.a(lib_a-impure.o)
                              c:/st/stm32cubeide_1.7.0/stm32cubeide/plugins/com.st.stm32cube.ide.mcu.externaltools.gnu-tools-for-stm32.9-2020-q2-update.win32_2.0.0.202105311346/tools/bin/../lib/gcc/arm-none-eabi/9.3.1/../../../../arm-none-eabi/lib/thumb/v7-m/nofp\libc_nano.a(lib_a-exit.o) (_global_impure_ptr)
c:/st/stm32cubeide_1.7.0/stm32cubeide/plugins/com.st.stm32cube.ide.mcu.externaltools.gnu-tools-for-stm32.9-2020-q2-update.win32_2.0.0.202105311346/tools/bin/../lib/gcc/arm-none-eabi/9.3.1/../../../../arm-none-eabi/lib/thumb/v7-m/nofp\libc_nano.a(lib_a-init.o)
                              c:/st/stm32cubeide_1.7.0/stm32cubeide/plugins/com.st.stm32cube.ide.mcu.externaltools.gnu-tools-for-stm32.9-2020-q2-update.win32_2.0.0.202105311346/tools/bin/../lib/gcc/arm-none-eabi/9.3.1/../../../../arm-none-eabi/lib/thumb/v7-m/nofp/crt0.o (__libc_init_array)
c:/st/stm32cubeide_1.7.0/stm32cubeide/plugins/com.st.stm32cube.ide.mcu.externaltools.gnu-tools-for-stm32.9-2020-q2-update.win32_2.0.0.202105311346/tools/bin/../lib/gcc/arm-none-eabi/9.3.1/../../../../arm-none-eabi/lib/thumb/v7-m/nofp\libc_nano.a(lib_a-memset.o)
                              c:/st/stm32cubeide_1.7.0/stm32cubeide/plugins/com.st.stm32cube.ide.mcu.externaltools.gnu-tools-for-stm32.9-2020-q2-update.win32_2.0.0.202105311346/tools/bin/../lib/gcc/arm-none-eabi/9.3.1/../../../../arm-none-eabi/lib/thumb/v7-m/nofp/crt0.o (memset)

Allocating common symbols
Common symbol       size              file

uwTick              0x4               ./Drivers/STM32F1xx_HAL_Driver/Src/stm32f1xx_hal.o
pFlash              0x20              ./Drivers/STM32F1xx_HAL_Driver/Src/stm32f1xx_hal_flash.o
htim2               0x48              ./Core/Src/main.o

Discarded input sections

 .text          0x0000000000000000        0x0 c:/st/stm32cubeide_1.7.0/stm32cubeide/plugins/com.st.stm32cube.ide.mcu.externaltools.gnu-tools-for-stm32.9-2020-q2-update.win32_2.0.0.202105311346/tools/bin/../lib/gcc/arm-none-eabi/9.3.1/thumb/v7-m/nofp/crti.o
 .data          0x0000000000000000        0x0 c:/st/stm32cubeide_1.7.0/stm32cubeide/plugins/com.st.stm32cube.ide.mcu.externaltools.gnu-tools-for-stm32.9-2020-q2-update.win32_2.0.0.202105311346/tools/bin/../lib/gcc/arm-none-eabi/9.3.1/thumb/v7-m/nofp/crti.o
 .bss           0x0000000000000000        0x0 c:/st/stm32cubeide_1.7.0/stm32cubeide/plugins/com.st.stm32cube.ide.mcu.externaltools.gnu-tools-for-stm32.9-2020-q2-update.win32_2.0.0.202105311346/tools/bin/../lib/gcc/arm-none-eabi/9.3.1/thumb/v7-m/nofp/crti.o
 .data          0x0000000000000000        0x4 c:/st/stm32cubeide_1.7.0/stm32cubeide/plugins/com.st.stm32cube.ide.mcu.externaltools.gnu-tools-for-stm32.9-2020-q2-update.win32_2.0.0.202105311346/tools/bin/../lib/gcc/arm-none-eabi/9.3.1/thumb/v7-m/nofp/crtbegin.o
 .text          0x0000000000000000       0x7c c:/st/stm32cubeide_1.7.0/stm32cubeide/plugins/com.st.stm32cube.ide.mcu.externaltools.gnu-tools-for-stm32.9-2020-q2-update.win32_2.0.0.202105311346/tools/bin/../lib/gcc/arm-none-eabi/9.3.1/../../../../arm-none-eabi/lib/thumb/v7-m/nofp/crt0.o
 .data          0x0000000000000000        0x0 c:/st/stm32cubeide_1.7.0/stm32cubeide/plugins/com.st.stm32cube.ide.mcu.externaltools.gnu-tools-for-stm32.9-2020-q2-update.win32_2.0.0.202105311346/tools/bin/../lib/gcc/arm-none-eabi/9.3.1/../../../../arm-none-eabi/lib/thumb/v7-m/nofp/crt0.o
 .bss           0x0000000000000000        0x0 c:/st/stm32cubeide_1.7.0/stm32cubeide/plugins/com.st.stm32cube.ide.mcu.externaltools.gnu-tools-for-stm32.9-2020-q2-update.win32_2.0.0.202105311346/tools/bin/../lib/gcc/arm-none-eabi/9.3.1/../../../../arm-none-eabi/lib/thumb/v7-m/nofp/crt0.o
[...]
Memory Configuration

Name             Origin             Length             Attributes
RAM              0x0000000020000000 0x0000000000002800 xrw
FLASH            0x0000000008000000 0x0000000000008000 xr
*default*        0x0000000000000000 0xffffffffffffffff

Linker script and memory map

LOAD c:/st/stm32cubeide_1.7.0/stm32cubeide/plugins/com.st.stm32cube.ide.mcu.externaltools.gnu-tools-for-stm32.9-2020-q2-update.win32_2.0.0.202105311346/tools/bin/../lib/gcc/arm-none-eabi/9.3.1/thumb/v7-m/nofp/crti.o
LOAD c:/st/stm32cubeide_1.7.0/stm32cubeide/plugins/com.st.stm32cube.ide.mcu.externaltools.gnu-tools-for-stm32.9-2020-q2-update.win32_2.0.0.202105311346/tools/bin/../lib/gcc/arm-none-eabi/9.3.1/thumb/v7-m/nofp/crtbegin.o
LOAD c:/st/stm32cubeide_1.7.0/stm32cubeide/plugins/com.st.stm32cube.ide.mcu.externaltools.gnu-tools-for-stm32.9-2020-q2-update.win32_2.0.0.202105311346/tools/bin/../lib/gcc/arm-none-eabi/9.3.1/../../../../arm-none-eabi/lib/thumb/v7-m/nofp/crt0.o
LOAD ./Core/Src/BUTTON.o
LOAD ./Core/Src/global.o
LOAD ./Core/Src/led_7_seg.o
LOAD ./Core/Src/led_traffic.o
LOAD ./Core/Src/main.o
LOAD ./Core/Src/software_timer.o
LOAD ./Core/Src/stm32f1xx_hal_msp.o
LOAD ./Core/Src/stm32f1xx_it.o
LOAD ./Core/Src/syscalls.o
LOAD ./Core/Src/sysmem.o
LOAD ./Core/Src/system_stm32f1xx.o
LOAD ./Core/Src/traffic_fsm.o
LOAD ./Core/Startup/startup_stm32f103c6ux.o
LOAD ./Drivers/STM32F1xx_HAL_Driver/Src/stm32f1xx_hal.o
LOAD ./Drivers/STM32F1xx_HAL_Driver/Src/stm32f1xx_hal_cortex.o
LOAD ./Drivers/STM32F1xx_HAL_Driver/Src/stm32f1xx_hal_dma.o
LOAD ./Drivers/STM32F1xx_HAL_Driver/Src/stm32f1xx_hal_exti.o
LOAD ./Drivers/STM32F1xx_HAL_Driver/Src/stm32f1xx_hal_flash.o
LOAD ./Drivers/STM32F1xx_HAL_Driver/Src/stm32f1xx_hal_flash_ex.o
LOAD ./Drivers/STM32F1xx_HAL_Driver/Src/stm32f1xx_hal_gpio.o
LOAD ./Drivers/STM32F1xx_HAL_Driver/Src/stm32f1xx_hal_gpio_ex.o
LOAD ./Drivers/STM32F1xx_HAL_Driver/Src/stm32f1xx_hal_pwr.o
LOAD ./Drivers/STM32F1xx_HAL_Driver/Src/stm32f1xx_hal_rcc.o
LOAD ./Drivers/STM32F1xx_HAL_Driver/Src/stm32f1xx_hal_rcc_ex.o
LOAD ./Drivers/STM32F1xx_HAL_Driver/Src/stm32f1xx_hal_tim.o
LOAD ./Drivers/STM32F1xx_HAL_Driver/Src/stm32f1xx_hal_tim_ex.o
START GROUP
LOAD c:/st/stm32cubeide_1.7.0/stm32cubeide/plugins/com.st.stm32cube.ide.mcu.externaltools.gnu-tools-for-stm32.9-2020-q2-update.win32_2.0.0.202105311346/tools/bin/../lib/gcc/arm-none-eabi/9.3.1/../../../../arm-none-eabi/lib/thumb/v7-m/nofp\libc_nano.a
LOAD c:/st/stm32cubeide_1.7.0/stm32cubeide/plugins/com.st.stm32cube.ide.mcu.externaltools.gnu-tools-for-stm32.9-2020-q2-update.win32_2.0.0.202105311346/tools/bin/../lib/gcc/arm-none-eabi/9.3.1/../../../../arm-none-eabi/lib/thumb/v7-m/nofp\libm.a
END GROUP
START GROUP
LOAD c:/st/stm32cubeide_1.7.0/stm32cubeide/plugins/com.st.stm32cube.ide.mcu.externaltools.gnu-tools-for-stm32.9-2020-q2-update.win32_2.0.0.202105311346/tools/bin/../lib/gcc/arm-none-eabi/9.3.1/thumb/v7-m/nofp\libgcc.a
LOAD c:/st/stm32cubeide_1.7.0/stm32cubeide/plugins/com.st.stm32cube.ide.mcu.externaltools.gnu-tools-for-stm32.9-2020-q2-update.win32_2.0.0.202105311346/tools/bin/../lib/gcc/arm-none-eabi/9.3.1/../../../../arm-none-eabi/lib/thumb/v7-m/nofp\libc_nano.a
END GROUP
START GROUP
LOAD c:/st/stm32cubeide_1.7.0/stm32cubeide/plugins/com.st.stm32cube.ide.mcu.externaltools.gnu-tools-for-stm32.9-2020-q2-update.win32_2.0.0.202105311346/tools/bin/../lib/gcc/arm-none-eabi/9.3.1/thumb/v7-m/nofp\libgcc.a
LOAD c:/st/stm32cubeide_1.7.0/stm32cubeide/plugins/com.st.stm32cube.ide.mcu.externaltools.gnu-tools-for-stm32.9-2020-q2-update.win32_2.0.0.202105311346/tools/bin/../lib/gcc/arm-none-eabi/9.3.1/../../../../arm-none-eabi/lib/thumb/v7-m/nofp\libc_nano.a
LOAD c:/st/stm32cubeide_1.7.0/stm32cubeide/plugins/com.st.stm32cube.ide.mcu.externaltools.gnu-tools-for-stm32.9-2020-q2-update.win32_2.0.0.202105311346/tools/bin/../lib/gcc/arm-none-eabi/9.3.1/../../../../arm-none-eabi/lib/thumb/v7-m/nofp\libnosys.a
END GROUP
START GROUP
LOAD c:/st/stm32cubeide_1.7.0/stm32cubeide/plugins/com.st.stm32cube.ide.mcu.externaltools.gnu-tools-for-stm32.9-2020-q2-update.win32_2.0.0.202105311346/tools/bin/../lib/gcc/arm-none-eabi/9.3.1/thumb/v7-m/nofp\libgcc.a
LOAD c:/st/stm32cubeide_1.7.0/stm32cubeide/plugins/com.st.stm32cube.ide.mcu.externaltools.gnu-tools-for-stm32.9-2020-q2-update.win32_2.0.0.202105311346/tools/bin/../lib/gcc/arm-none-eabi/9.3.1/../../../../arm-none-eabi/lib/thumb/v7-m/nofp\libc_nano.a
LOAD c:/st/stm32cubeide_1.7.0/stm32cubeide/plugins/com.st.stm32cube.ide.mcu.externaltools.gnu-tools-for-stm32.9-2020-q2-update.win32_2.0.0.202105311346/tools/bin/../lib/gcc/arm-none-eabi/9.3.1/../../../../arm-none-eabi/lib/thumb/v7-m/nofp\libnosys.a
END GROUP
LOAD c:/st/stm32cubeide_1.7.0/stm32cubeide/plugins/com.st.stm32cube.ide.mcu.externaltools.gnu-tools-for-stm32.9-2020-q2-update.win32_2.0.0.202105311346/tools/bin/../lib/gcc/arm-none-eabi/9.3.1/thumb/v7-m/nofp/crtend.o
LOAD c:/st/stm32cubeide_1.7.0/stm32cubeide/plugins/com.st.stm32cube.ide.mcu.externaltools.gnu-tools-for-stm32.9-2020-q2-update.win32_2.0.0.202105311346/tools/bin/../lib/gcc/arm-none-eabi/9.3.1/thumb/v7-m/nofp/crtn.o
                0x0000000020002800                _estack = (ORIGIN (RAM) + LENGTH (RAM))
                0x0000000000000200                _Min_Heap_Size = 0x200
                0x0000000000000400                _Min_Stack_Size = 0x400

.isr_vector     0x0000000008000000      0x10c
                0x0000000008000000                . = ALIGN (0x4)
 *(.isr_vector)
 .isr_vector    0x0000000008000000      0x10c ./Core/Startup/startup_stm32f103c6ux.o
                0x0000000008000000                g_pfnVectors
                0x000000000800010c                . = ALIGN (0x4)

.text           0x000000000800010c     0x29cc
                0x000000000800010c                . = ALIGN (0x4)
 *(.text)
 .text          0x000000000800010c       0x40 c:/st/stm32cubeide_1.7.0/stm32cubeide/plugins/com.st.stm32cube.ide.mcu.externaltools.gnu-tools-for-stm32.9-2020-q2-update.win32_2.0.0.202105311346/tools/bin/../lib/gcc/arm-none-eabi/9.3.1/thumb/v7-m/nofp/crtbegin.o
 *(.text*)
 .text.is_pressed
                0x000000000800014c       0x3c ./Core/Src/BUTTON.o
                0x000000000800014c                is_pressed
 .text.read_input
                0x0000000008000188       0xec ./Core/Src/BUTTON.o
                0x0000000008000188                read_input
 .text.fsm_for_button
                0x0000000008000274       0xdc ./Core/Src/BUTTON.o
                0x0000000008000274                fsm_for_button
 .text.turn_on_led_7seg
                0x0000000008000350      0x104 ./Core/Src/led_7_seg.o
                0x0000000008000350                turn_on_led_7seg
 .text.display_led_7seg
                0x0000000008000454      0x384 ./Core/Src/led_7_seg.o
                0x0000000008000454                display_led_7seg
 .text.update_2_buffer_led_7seg_left
                0x00000000080007d8       0x5c ./Core/Src/led_7_seg.o
                0x00000000080007d8                update_2_buffer_led_7seg_left
 .text.update_2_buffer_led_7seg_right
                0x0000000008000834       0x5c ./Core/Src/led_7_seg.o
                0x0000000008000834                update_2_buffer_led_7seg_right
 .text.led_7seg_run
                0x0000000008000890       0x54 ./Core/Src/led_7_seg.o
                0x0000000008000890                led_7seg_run
 .text.turn_on_traffic_led_1
                0x00000000080008e4       0x88 ./Core/Src/led_traffic.o
                0x00000000080008e4                turn_on_traffic_led_1
 .text.turn_on_traffic_led_2
                0x000000000800096c       0x88 ./Core/Src/led_traffic.o
                0x000000000800096c                turn_on_traffic_led_2
 .text.blinkind_led_traffic_1
                0x00000000080009f4       0x84 ./Core/Src/led_traffic.o
                0x00000000080009f4                blinkind_led_traffic_1
 .text.blinkind_led_traffic_2
                0x0000000008000a78       0x84 ./Core/Src/led_traffic.o
                0x0000000008000a78                blinkind_led_traffic_2
 .text.main     0x0000000008000afc       0x3c ./Core/Src/main.o
                0x0000000008000afc                main
 .text.SystemClock_Config
                0x0000000008000b38       0x76 ./Core/Src/main.o
                0x0000000008000b38                SystemClock_Config
 *fill*         0x0000000008000bae        0x2 
 .text.MX_TIM2_Init
                0x0000000008000bb0       0x98 ./Core/Src/main.o
 .text.MX_GPIO_Init
                0x0000000008000c48       0xc0 ./Core/Src/main.o
 .text.HAL_TIM_PeriodElapsedCallback
                0x0000000008000d08       0x18 ./Core/Src/main.o
                0x0000000008000d08                HAL_TIM_PeriodElapsedCallback
 .text.Error_Handler
                0x0000000008000d20        0xa ./Core/Src/main.o
                0x0000000008000d20                Error_Handler
 *fill*         0x0000000008000d2a        0x2 
 .text.set_timer
                0x0000000008000d2c       0x34 ./Core/Src/software_timer.o
                0x0000000008000d2c                set_timer
 .text.set_timer1
                0x0000000008000d60       0x28 ./Core/Src/software_timer.o
                0x0000000008000d60                set_timer1
 .text.clear_timer
                0x0000000008000d88       0x30 ./Core/Src/software_timer.o
                0x0000000008000d88                clear_timer
 .text.get_time_of_counter
                0x0000000008000db8       0x28 ./Core/Src/software_timer.o
                0x0000000008000db8                get_time_of_counter
 .text.is_timer_timeout
                0x0000000008000de0       0x34 ./Core/Src/software_timer.o
                0x0000000008000de0                is_timer_timeout
 .text.timer_run
                0x0000000008000e14       0x88 ./Core/Src/software_timer.o
                0x0000000008000e14                timer_run
 .text.HAL_MspInit
                0x0000000008000e9c       0x64 ./Core/Src/stm32f1xx_hal_msp.o
                0x0000000008000e9c                HAL_MspInit
 .text.HAL_TIM_Base_MspInit
                0x0000000008000f00       0x48 ./Core/Src/stm32f1xx_hal_msp.o
                0x0000000008000f00                HAL_TIM_Base_MspInit
 .text.NMI_Handler
                0x0000000008000f48        0x6 ./Core/Src/stm32f1xx_it.o
                0x0000000008000f48                NMI_Handler
 .text.HardFault_Handler
                0x0000000008000f4e        0x6 ./Core/Src/stm32f1xx_it.o
                0x0000000008000f4e                HardFault_Handler
 .text.MemManage_Handler
                0x0000000008000f54        0x6 ./Core/Src/stm32f1xx_it.o
                0x0000000008000f54                MemManage_Handler
 .text.BusFault_Handler
                0x0000000008000f5a        0x6 ./Core/Src/stm32f1xx_it.o
                0x0000000008000f5a                BusFault_Handler
 .text.UsageFault_Handler
                0x0000000008000f60        0x6 ./Core/Src/stm32f1xx_it.o
                0x0000000008000f60                UsageFault_Handler
 .text.SVC_Handler
                0x0000000008000f66        0xc ./Core/Src/stm32f1xx_it.o
                0x0000000008000f66                SVC_Handler
 .text.DebugMon_Handler
                0x0000000008000f72        0xc ./Core/Src/stm32f1xx_it.o
                0x0000000008000f72                DebugMon_Handler
 .text.PendSV_Handler
                0x0000000008000f7e        0xc ./Core/Src/stm32f1xx_it.o
                0x0000000008000f7e                PendSV_Handler
 .text.SysTick_Handler
                0x0000000008000f8a        0xc ./Core/Src/stm32f1xx_it.o
                0x0000000008000f8a                SysTick_Handler
 *fill*         0x0000000008000f96        0x2 
 .text.TIM2_IRQHandler
                0x0000000008000f98       0x14 ./Core/Src/stm32f1xx_it.o
                0x0000000008000f98                TIM2_IRQHandler
 .text.SystemInit
                0x0000000008000fac        0xc ./Core/Src/system_stm32f1xx.o
                0x0000000008000fac                SystemInit
 .text.fsm_traffic_1_run
                0x0000000008000fb8       0xa8 ./Core/Src/traffic_fsm.o
                0x0000000008000fb8                fsm_traffic_1_run
 .text.fsm_traffic_2_run
                0x0000000008001060       0xa8 ./Core/Src/traffic_fsm.o
                0x0000000008001060                fsm_traffic_2_run
 .text.fsm_system_run
                0x0000000008001108      0x328 ./Core/Src/traffic_fsm.o
                0x0000000008001108                fsm_system_run
 .text.Reset_Handler
                0x0000000008001430       0x48 ./Core/Startup/startup_stm32f103c6ux.o
                0x0000000008001430                Reset_Handler
 .text.Default_Handler
                0x0000000008001478        0x2 ./Core/Startup/startup_stm32f103c6ux.o
                0x0000000008001478                RTC_Alarm_IRQHandler
                0x0000000008001478                EXTI2_IRQHandler
                0x0000000008001478                TIM1_CC_IRQHandler
                0x0000000008001478                PVD_IRQHandler
                0x0000000008001478                EXTI3_IRQHandler
                0x0000000008001478                EXTI0_IRQHandler
                0x0000000008001478                ADC1_2_IRQHandler
                0x0000000008001478                SPI1_IRQHandler
                0x0000000008001478                TAMPER_IRQHandler
                0x0000000008001478                DMA1_Channel4_IRQHandler
                0x0000000008001478                RTC_IRQHandler
                0x0000000008001478                DMA1_Channel7_IRQHandler
                0x0000000008001478                CAN1_RX1_IRQHandler
                0x0000000008001478                I2C1_EV_IRQHandler
                0x0000000008001478                DMA1_Channel6_IRQHandler
                0x0000000008001478                TIM3_IRQHandler
                0x0000000008001478                RCC_IRQHandler
                0x0000000008001478                TIM1_TRG_COM_IRQHandler
                0x0000000008001478                DMA1_Channel1_IRQHandler
                0x0000000008001478                Default_Handler
                0x0000000008001478                EXTI15_10_IRQHandler
                0x0000000008001478                EXTI9_5_IRQHandler
                0x0000000008001478                DMA1_Channel5_IRQHandler
                0x0000000008001478                EXTI4_IRQHandler
                0x0000000008001478                USB_LP_CAN1_RX0_IRQHandler
                0x0000000008001478                USB_HP_CAN1_TX_IRQHandler
                0x0000000008001478                DMA1_Channel3_IRQHandler
                0x0000000008001478                TIM1_UP_IRQHandler
                0x0000000008001478                WWDG_IRQHandler
                0x0000000008001478                TIM1_BRK_IRQHandler
                0x0000000008001478                EXTI1_IRQHandler
                0x0000000008001478                USART2_IRQHandler
                0x0000000008001478                DMA1_Channel2_IRQHandler
                0x0000000008001478                CAN1_SCE_IRQHandler
                0x0000000008001478                FLASH_IRQHandler
                0x0000000008001478                USART1_IRQHandler
                0x0000000008001478                I2C1_ER_IRQHandler
                0x0000000008001478                USBWakeUp_IRQHandler
 *fill*         0x000000000800147a        0x2 
 .text.HAL_Init
                0x000000000800147c       0x2c ./Drivers/STM32F1xx_HAL_Driver/Src/stm32f1xx_hal.o
                0x000000000800147c                HAL_Init
 .text.HAL_InitTick
                0x00000000080014a8       0x60 ./Drivers/STM32F1xx_HAL_Driver/Src/stm32f1xx_hal.o
                0x00000000080014a8                HAL_InitTick
 .text.HAL_IncTick
                0x0000000008001508       0x24 ./Drivers/STM32F1xx_HAL_Driver/Src/stm32f1xx_hal.o
                0x0000000008001508                HAL_IncTick
 .text.HAL_GetTick
                0x000000000800152c       0x14 ./Drivers/STM32F1xx_HAL_Driver/Src/stm32f1xx_hal.o
                0x000000000800152c                HAL_GetTick
 .text.__NVIC_SetPriorityGrouping
                0x0000000008001540       0x48 ./Drivers/STM32F1xx_HAL_Driver/Src/stm32f1xx_hal_cortex.o
 .text.__NVIC_GetPriorityGrouping
                0x0000000008001588       0x1c ./Drivers/STM32F1xx_HAL_Driver/Src/stm32f1xx_hal_cortex.o
 .text.__NVIC_EnableIRQ
                0x00000000080015a4       0x38 ./Drivers/STM32F1xx_HAL_Driver/Src/stm32f1xx_hal_cortex.o
 .text.__NVIC_SetPriority
                0x00000000080015dc       0x54 ./Drivers/STM32F1xx_HAL_Driver/Src/stm32f1xx_hal_cortex.o
 .text.NVIC_EncodePriority
                0x0000000008001630       0x64 ./Drivers/STM32F1xx_HAL_Driver/Src/stm32f1xx_hal_cortex.o
 .text.SysTick_Config
                0x0000000008001694       0x44 ./Drivers/STM32F1xx_HAL_Driver/Src/stm32f1xx_hal_cortex.o
 .text.HAL_NVIC_SetPriorityGrouping
                0x00000000080016d8       0x16 ./Drivers/STM32F1xx_HAL_Driver/Src/stm32f1xx_hal_cortex.o
                0x00000000080016d8                HAL_NVIC_SetPriorityGrouping
 .text.HAL_NVIC_SetPriority
                0x00000000080016ee       0x38 ./Drivers/STM32F1xx_HAL_Driver/Src/stm32f1xx_hal_cortex.o
                0x00000000080016ee                HAL_NVIC_SetPriority
 .text.HAL_NVIC_EnableIRQ
                0x0000000008001726       0x1c ./Drivers/STM32F1xx_HAL_Driver/Src/stm32f1xx_hal_cortex.o
                0x0000000008001726                HAL_NVIC_EnableIRQ
 .text.HAL_SYSTICK_Config
                0x0000000008001742       0x18 ./Drivers/STM32F1xx_HAL_Driver/Src/stm32f1xx_hal_cortex.o
                0x0000000008001742                HAL_SYSTICK_Config
 *fill*         0x000000000800175a        0x2 
 .text.HAL_GPIO_Init
                0x000000000800175c      0x2f4 ./Drivers/STM32F1xx_HAL_Driver/Src/stm32f1xx_hal_gpio.o
                0x000000000800175c                HAL_GPIO_Init
 .text.HAL_GPIO_ReadPin
                0x0000000008001a50       0x2e ./Drivers/STM32F1xx_HAL_Driver/Src/stm32f1xx_hal_gpio.o
                0x0000000008001a50                HAL_GPIO_ReadPin
 .text.HAL_GPIO_WritePin
                0x0000000008001a7e       0x30 ./Drivers/STM32F1xx_HAL_Driver/Src/stm32f1xx_hal_gpio.o
                0x0000000008001a7e                HAL_GPIO_WritePin
 .text.HAL_GPIO_TogglePin
                0x0000000008001aae       0x32 ./Drivers/STM32F1xx_HAL_Driver/Src/stm32f1xx_hal_gpio.o
                0x0000000008001aae                HAL_GPIO_TogglePin
 .text.HAL_RCC_OscConfig
                0x0000000008001ae0      0x500 ./Drivers/STM32F1xx_HAL_Driver/Src/stm32f1xx_hal_rcc.o
                0x0000000008001ae0                HAL_RCC_OscConfig
 .text.HAL_RCC_ClockConfig
                0x0000000008001fe0      0x1d4 ./Drivers/STM32F1xx_HAL_Driver/Src/stm32f1xx_hal_rcc.o
                0x0000000008001fe0                HAL_RCC_ClockConfig
 .text.HAL_RCC_GetSysClockFreq
                0x00000000080021b4       0xa8 ./Drivers/STM32F1xx_HAL_Driver/Src/stm32f1xx_hal_rcc.o
                0x00000000080021b4                HAL_RCC_GetSysClockFreq
 .text.RCC_Delay
                0x000000000800225c       0x3c ./Drivers/STM32F1xx_HAL_Driver/Src/stm32f1xx_hal_rcc.o
 .text.HAL_TIM_Base_Init
                0x0000000008002298       0x9e ./Drivers/STM32F1xx_HAL_Driver/Src/stm32f1xx_hal_tim.o
                0x0000000008002298                HAL_TIM_Base_Init
 *fill*         0x0000000008002336        0x2 
 .text.HAL_TIM_Base_Start_IT
                0x0000000008002338       0x98 ./Drivers/STM32F1xx_HAL_Driver/Src/stm32f1xx_hal_tim.o
                0x0000000008002338                HAL_TIM_Base_Start_IT
 .text.HAL_TIM_IRQHandler
                0x00000000080023d0      0x210 ./Drivers/STM32F1xx_HAL_Driver/Src/stm32f1xx_hal_tim.o
                0x00000000080023d0                HAL_TIM_IRQHandler
 .text.HAL_TIM_ConfigClockSource
                0x00000000080025e0      0x18e ./Drivers/STM32F1xx_HAL_Driver/Src/stm32f1xx_hal_tim.o
                0x00000000080025e0                HAL_TIM_ConfigClockSource
 .text.HAL_TIM_OC_DelayElapsedCallback
                0x000000000800276e       0x12 ./Drivers/STM32F1xx_HAL_Driver/Src/stm32f1xx_hal_tim.o
                0x000000000800276e                HAL_TIM_OC_DelayElapsedCallback
 .text.HAL_TIM_IC_CaptureCallback
                0x0000000008002780       0x12 ./Drivers/STM32F1xx_HAL_Driver/Src/stm32f1xx_hal_tim.o
                0x0000000008002780                HAL_TIM_IC_CaptureCallback
 .text.HAL_TIM_PWM_PulseFinishedCallback
                0x0000000008002792       0x12 ./Drivers/STM32F1xx_HAL_Driver/Src/stm32f1xx_hal_tim.o
                0x0000000008002792                HAL_TIM_PWM_PulseFinishedCallback
 .text.HAL_TIM_TriggerCallback
                0x00000000080027a4       0x12 ./Drivers/STM32F1xx_HAL_Driver/Src/stm32f1xx_hal_tim.o
                0x00000000080027a4                HAL_TIM_TriggerCallback
 *fill*         0x00000000080027b6        0x2 
 .text.TIM_Base_SetConfig
                0x00000000080027b8       0xb0 ./Drivers/STM32F1xx_HAL_Driver/Src/stm32f1xx_hal_tim.o
                0x00000000080027b8                TIM_Base_SetConfig
 .text.TIM_TI1_ConfigInputStage
                0x0000000008002868       0x5c ./Drivers/STM32F1xx_HAL_Driver/Src/stm32f1xx_hal_tim.o
 .text.TIM_TI2_ConfigInputStage
                0x00000000080028c4       0x5e ./Drivers/STM32F1xx_HAL_Driver/Src/stm32f1xx_hal_tim.o
 .text.TIM_ITRx_SetConfig
                0x0000000008002922       0x34 ./Drivers/STM32F1xx_HAL_Driver/Src/stm32f1xx_hal_tim.o
 .text.TIM_ETR_SetConfig
                0x0000000008002956       0x3e ./Drivers/STM32F1xx_HAL_Driver/Src/stm32f1xx_hal_tim.o
                0x0000000008002956                TIM_ETR_SetConfig
 .text.HAL_TIMEx_MasterConfigSynchronization
                0x0000000008002994       0xb0 ./Drivers/STM32F1xx_HAL_Driver/Src/stm32f1xx_hal_tim_ex.o
                0x0000000008002994                HAL_TIMEx_MasterConfigSynchronization
 .text.HAL_TIMEx_CommutCallback
                0x0000000008002a44       0x12 ./Drivers/STM32F1xx_HAL_Driver/Src/stm32f1xx_hal_tim_ex.o
                0x0000000008002a44                HAL_TIMEx_CommutCallback
 .text.HAL_TIMEx_BreakCallback
                0x0000000008002a56       0x12 ./Drivers/STM32F1xx_HAL_Driver/Src/stm32f1xx_hal_tim_ex.o
                0x0000000008002a56                HAL_TIMEx_BreakCallback
 .text.__libc_init_array
                0x0000000008002a68       0x48 c:/st/stm32cubeide_1.7.0/stm32cubeide/plugins/com.st.stm32cube.ide.mcu.externaltools.gnu-tools-for-stm32.9-2020-q2-update.win32_2.0.0.202105311346/tools/bin/../lib/gcc/arm-none-eabi/9.3.1/../../../../arm-none-eabi/lib/thumb/v7-m/nofp\libc_nano.a(lib_a-init.o)
                0x0000000008002a68                __libc_init_array
 .text.memset   0x0000000008002ab0       0x10 c:/st/stm32cubeide_1.7.0/stm32cubeide/plugins/com.st.stm32cube.ide.mcu.externaltools.gnu-tools-for-stm32.9-2020-q2-update.win32_2.0.0.202105311346/tools/bin/../lib/gcc/arm-none-eabi/9.3.1/../../../../arm-none-eabi/lib/thumb/v7-m/nofp\libc_nano.a(lib_a-memset.o)
                0x0000000008002ab0                memset
 *(.glue_7)
 .glue_7        0x0000000008002ac0        0x0 linker stubs
 *(.glue_7t)
 .glue_7t       0x0000000008002ac0        0x0 linker stubs
 *(.eh_frame)
 .eh_frame      0x0000000008002ac0        0x0 c:/st/stm32cubeide_1.7.0/stm32cubeide/plugins/com.st.stm32cube.ide.mcu.externaltools.gnu-tools-for-stm32.9-2020-q2-update.win32_2.0.0.202105311346/tools/bin/../lib/gcc/arm-none-eabi/9.3.1/thumb/v7-m/nofp/crtbegin.o
 *(.init)
 .init          0x0000000008002ac0        0x4 c:/st/stm32cubeide_1.7.0/stm32cubeide/plugins/com.st.stm32cube.ide.mcu.externaltools.gnu-tools-for-stm32.9-2020-q2-update.win32_2.0.0.202105311346/tools/bin/../lib/gcc/arm-none-eabi/9.3.1/thumb/v7-m/nofp/crti.o
                0x0000000008002ac0                _init
 .init          0x0000000008002ac4        0x8 c:/st/stm32cubeide_1.7.0/stm32cubeide/plugins/com.st.stm32cube.ide.mcu.externaltools.gnu-tools-for-stm32.9-2020-q2-update.win32_2.0.0.202105311346/tools/bin/../lib/gcc/arm-none-eabi/9.3.1/thumb/v7-m/nofp/crtn.o
 *(.fini)
 .fini          0x0000000008002acc        0x4 c:/st/stm32cubeide_1.7.0/stm32cubeide/plugins/com.st.stm32cube.ide.mcu.externaltools.gnu-tools-for-stm32.9-2020-q2-update.win32_2.0.0.202105311346/tools/bin/../lib/gcc/arm-none-eabi/9.3.1/thumb/v7-m/nofp/crti.o
                0x0000000008002acc                _fini
 .fini          0x0000000008002ad0        0x8 c:/st/stm32cubeide_1.7.0/stm32cubeide/plugins/com.st.stm32cube.ide.mcu.externaltools.gnu-tools-for-stm32.9-2020-q2-update.win32_2.0.0.202105311346/tools/bin/../lib/gcc/arm-none-eabi/9.3.1/thumb/v7-m/nofp/crtn.o
                0x0000000008002ad8                . = ALIGN (0x4)
                0x0000000008002ad8                _etext = .

.vfp11_veneer   0x0000000008002ad8        0x0
 .vfp11_veneer  0x0000000008002ad8        0x0 linker stubs

.v4_bx          0x0000000008002ad8        0x0
 .v4_bx         0x0000000008002ad8        0x0 linker stubs

.iplt           0x0000000008002ad8        0x0
 .iplt          0x0000000008002ad8        0x0 c:/st/stm32cubeide_1.7.0/stm32cubeide/plugins/com.st.stm32cube.ide.mcu.externaltools.gnu-tools-for-stm32.9-2020-q2-update.win32_2.0.0.202105311346/tools/bin/../lib/gcc/arm-none-eabi/9.3.1/thumb/v7-m/nofp/crtbegin.o

.rodata         0x0000000008002ad8       0x24
                0x0000000008002ad8                . = ALIGN (0x4)
 *(.rodata)
 *(.rodata*)
 .rodata.AHBPrescTable
                0x0000000008002ad8       0x10 ./Core/Src/system_stm32f1xx.o
                0x0000000008002ad8                AHBPrescTable
 .rodata.aPLLMULFactorTable.6032
                0x0000000008002ae8       0x10 ./Drivers/STM32F1xx_HAL_Driver/Src/stm32f1xx_hal_rcc.o
 .rodata.aPredivFactorTable.6033
                0x0000000008002af8        0x2 ./Drivers/STM32F1xx_HAL_Driver/Src/stm32f1xx_hal_rcc.o
                0x0000000008002afc                . = ALIGN (0x4)
 *fill*         0x0000000008002afa        0x2 

.rel.dyn        0x0000000008002afc        0x0
 .rel.iplt      0x0000000008002afc        0x0 c:/st/stm32cubeide_1.7.0/stm32cubeide/plugins/com.st.stm32cube.ide.mcu.externaltools.gnu-tools-for-stm32.9-2020-q2-update.win32_2.0.0.202105311346/tools/bin/../lib/gcc/arm-none-eabi/9.3.1/thumb/v7-m/nofp/crtbegin.o

.ARM.extab      0x0000000008002afc        0x0
                0x0000000008002afc                . = ALIGN (0x4)
 *(.ARM.extab* .gnu.linkonce.armextab.*)
                0x0000000008002afc                . = ALIGN (0x4)

.ARM            0x0000000008002afc        0x0
                0x0000000008002afc                . = ALIGN (0x4)
                0x0000000008002afc                __exidx_start = .
 *(.ARM.exidx*)
                0x0000000008002afc                __exidx_end = .
                0x0000000008002afc                . = ALIGN (0x4)

.preinit_array  0x0000000008002afc        0x0
                0x0000000008002afc                . = ALIGN (0x4)
                0x0000000008002afc                PROVIDE (__preinit_array_start = .)
 *(.preinit_array*)
                0x0000000008002afc                PROVIDE (__preinit_array_end = .)
                0x0000000008002afc                . = ALIGN (0x4)

.init_array     0x0000000008002afc        0x4
                0x0000000008002afc                . = ALIGN (0x4)
                0x0000000008002afc                PROVIDE (__init_array_start = .)
 *(SORT_BY_NAME(.init_array.*))
 *(.init_array*)
 .init_array    0x0000000008002afc        0x4 c:/st/stm32cubeide_1.7.0/stm32cubeide/plugins/com.st.stm32cube.ide.mcu.externaltools.gnu-tools-for-stm32.9-2020-q2-update.win32_2.0.0.202105311346/tools/bin/../lib/gcc/arm-none-eabi/9.3.1/thumb/v7-m/nofp/crtbegin.o
                0x0000000008002b00                PROVIDE (__init_array_end = .)
                0x0000000008002b00                . = ALIGN (0x4)

.fini_array     0x0000000008002b00        0x4
                0x0000000008002b00                . = ALIGN (0x4)
                [!provide]                        PROVIDE (__fini_array_start = .)
 *(SORT_BY_NAME(.fini_array.*))
 *(.fini_array*)
 .fini_array    0x0000000008002b00        0x4 c:/st/stm32cubeide_1.7.0/stm32cubeide/plugins/com.st.stm32cube.ide.mcu.externaltools.gnu-tools-for-stm32.9-2020-q2-update.win32_2.0.0.202105311346/tools/bin/../lib/gcc/arm-none-eabi/9.3.1/thumb/v7-m/nofp/crtbegin.o
                [!provide]                        PROVIDE (__fini_array_end = .)
                0x0000000008002b04                . = ALIGN (0x4)
                0x0000000008002b04                _sidata = LOADADDR (.data)

.data           0x0000000020000000       0x60 load address 0x0000000008002b04
                0x0000000020000000                . = ALIGN (0x4)
                0x0000000020000000                _sdata = .
 *(.data)
 *(.data*)
 .data.state_of_button
                0x0000000020000000        0xc ./Core/Src/BUTTON.o
                0x0000000020000000                state_of_button
 .data.register0_key
                0x000000002000000c        0xc ./Core/Src/BUTTON.o
                0x000000002000000c                register0_key
 .data.register1_key
                0x0000000020000018        0xc ./Core/Src/BUTTON.o
                0x0000000020000018                register1_key
 .data.register2_key
                0x0000000020000024        0xc ./Core/Src/BUTTON.o
                0x0000000020000024                register2_key
 .data.button_buffer
                0x0000000020000030        0xc ./Core/Src/BUTTON.o
                0x0000000020000030                button_buffer
 .data.state_led_traffic_1
                0x000000002000003c        0x4 ./Core/Src/global.o
                0x000000002000003c                state_led_traffic_1
 .data.state_led_traffic_2
                0x0000000020000040        0x4 ./Core/Src/global.o
                0x0000000020000040                state_led_traffic_2
 .data.duration_time_of_RED
                0x0000000020000044        0x4 ./Core/Src/global.o
                0x0000000020000044                duration_time_of_RED
 .data.duration_time_of_YELLOW
                0x0000000020000048        0x4 ./Core/Src/global.o
                0x0000000020000048                duration_time_of_YELLOW
 .data.duration_time_of_GREEN
                0x000000002000004c        0x4 ./Core/Src/global.o
                0x000000002000004c                duration_time_of_GREEN
 .data.buffer_duration_time
                0x0000000020000050        0x4 ./Core/Src/global.o
                0x0000000020000050                buffer_duration_time
 .data.SystemCoreClock
                0x0000000020000054        0x4 ./Core/Src/system_stm32f1xx.o
                0x0000000020000054                SystemCoreClock
 .data.uwTickPrio
                0x0000000020000058        0x4 ./Drivers/STM32F1xx_HAL_Driver/Src/stm32f1xx_hal.o
                0x0000000020000058                uwTickPrio
 .data.uwTickFreq
                0x000000002000005c        0x1 ./Drivers/STM32F1xx_HAL_Driver/Src/stm32f1xx_hal.o
                0x000000002000005c                uwTickFreq
 *(.RamFunc)
 *(.RamFunc*)
                0x0000000020000060                . = ALIGN (0x4)
 *fill*         0x000000002000005d        0x3 
                0x0000000020000060                _edata = .

.igot.plt       0x0000000020000060        0x0 load address 0x0000000008002b64
 .igot.plt      0x0000000020000060        0x0 c:/st/stm32cubeide_1.7.0/stm32cubeide/plugins/com.st.stm32cube.ide.mcu.externaltools.gnu-tools-for-stm32.9-2020-q2-update.win32_2.0.0.202105311346/tools/bin/../lib/gcc/arm-none-eabi/9.3.1/thumb/v7-m/nofp/crtbegin.o
                0x0000000020000060                . = ALIGN (0x4)

.bss            0x0000000020000060       0xf0 load address 0x0000000008002b64
                0x0000000020000060                _sbss = .
                0x0000000020000060                __bss_start__ = _sbss
 *(.bss)
 .bss           0x0000000020000060       0x1c c:/st/stm32cubeide_1.7.0/stm32cubeide/plugins/com.st.stm32cube.ide.mcu.externaltools.gnu-tools-for-stm32.9-2020-q2-update.win32_2.0.0.202105311346/tools/bin/../lib/gcc/arm-none-eabi/9.3.1/thumb/v7-m/nofp/crtbegin.o
 *(.bss*)
 .bss.flag_for_pressed
                0x000000002000007c        0xc ./Core/Src/BUTTON.o
                0x000000002000007c                flag_for_pressed
 .bss.flag_for_pressed_3s
                0x0000000020000088        0xc ./Core/Src/BUTTON.o
                0x0000000020000088                flag_for_pressed_3s
 .bss.mode      0x0000000020000094        0x4 ./Core/Src/global.o
                0x0000000020000094                mode
 .bss.led_7_seg_buffer
                0x0000000020000098       0x10 ./Core/Src/led_7_seg.o
                0x0000000020000098                led_7_seg_buffer
 .bss.index_led_7_seg
                0x00000000200000a8        0x4 ./Core/Src/led_7_seg.o
                0x00000000200000a8                index_led_7_seg
 .bss.timer_counter
                0x00000000200000ac       0x28 ./Core/Src/software_timer.o
                0x00000000200000ac                timer_counter
 .bss.timer_flag
                0x00000000200000d4       0x28 ./Core/Src/software_timer.o
                0x00000000200000d4                timer_flag
 .bss.timer1_counter
                0x00000000200000fc        0x4 ./Core/Src/software_timer.o
                0x00000000200000fc                timer1_counter
 .bss.timer1_flag
                0x0000000020000100        0x4 ./Core/Src/software_timer.o
                0x0000000020000100                timer1_flag
 *(COMMON)
 COMMON         0x0000000020000104       0x48 ./Core/Src/main.o
                0x0000000020000104                htim2
 COMMON         0x000000002000014c        0x4 ./Drivers/STM32F1xx_HAL_Driver/Src/stm32f1xx_hal.o
                0x000000002000014c                uwTick
                0x0000000020000150                . = ALIGN (0x4)
                0x0000000020000150                _ebss = .
                0x0000000020000150                __bss_end__ = _ebss

._user_heap_stack
                0x0000000020000150      0x600 load address 0x0000000008002b64
                0x0000000020000150                . = ALIGN (0x8)
                [!provide]                        PROVIDE (end = .)
                0x0000000020000150                PROVIDE (_end = .)
                0x0000000020000350                . = (. + _Min_Heap_Size)
 *fill*         0x0000000020000150      0x200 
                0x0000000020000750                . = (. + _Min_Stack_Size)
 *fill*         0x0000000020000350      0x400 
                0x0000000020000750                . = ALIGN (0x8)

/DISCARD/
 libc.a(*)
 libm.a(*)
 libgcc.a(*)

.ARM.attributes
                0x0000000000000000       0x29
 *(.ARM.attributes)
 .ARM.attributes
                0x0000000000000000       0x1d c:/st/stm32cubeide_1.7.0/stm32cubeide/plugins/com.st.stm32cube.ide.mcu.externaltools.gnu-tools-for-stm32.9-2020-q2-update.win32_2.0.0.202105311346/tools/bin/../lib/gcc/arm-none-eabi/9.3.1/thumb/v7-m/nofp/crti.o
 .ARM.attributes
                0x000000000000001d       0x2d c:/st/stm32cubeide_1.7.0/stm32cubeide/plugins/com.st.stm32cube.ide.mcu.externaltools.gnu-tools-for-stm32.9-2020-q2-update.win32_2.0.0.202105311346/tools/bin/../lib/gcc/arm-none-eabi/9.3.1/thumb/v7-m/nofp/crtbegin.o
 .ARM.attributes
                0x000000000000004a       0x2d ./Core/Src/BUTTON.o
 .ARM.attributes
                0x0000000000000077       0x33 ./Core/Src/global.o
 .ARM.attributes
                0x00000000000000aa       0x2d ./Core/Src/led_7_seg.o
 .ARM.attributes
                0x00000000000000d7       0x2d ./Core/Src/led_traffic.o
 .ARM.attributes
                0x0000000000000104       0x2d ./Core/Src/main.o
 .ARM.attributes
                0x0000000000000131       0x2d ./Core/Src/software_timer.o
 .ARM.attributes
                0x000000000000015e       0x2d ./Core/Src/stm32f1xx_hal_msp.o
 .ARM.attributes
                0x000000000000018b       0x2d ./Core/Src/stm32f1xx_it.o
 .ARM.attributes
                0x00000000000001b8       0x2d ./Core/Src/system_stm32f1xx.o
 .ARM.attributes
                0x00000000000001e5       0x2d ./Core/Src/traffic_fsm.o
 .ARM.attributes
                0x0000000000000212       0x21 ./Core/Startup/startup_stm32f103c6ux.o
 .ARM.attributes
                0x0000000000000233       0x2d ./Drivers/STM32F1xx_HAL_Driver/Src/stm32f1xx_hal.o
 .ARM.attributes
                0x0000000000000260       0x2d ./Drivers/STM32F1xx_HAL_Driver/Src/stm32f1xx_hal_cortex.o
 .ARM.attributes
                0x000000000000028d       0x2d ./Drivers/STM32F1xx_HAL_Driver/Src/stm32f1xx_hal_gpio.o
 .ARM.attributes
                0x00000000000002ba       0x2d ./Drivers/STM32F1xx_HAL_Driver/Src/stm32f1xx_hal_rcc.o
 .ARM.attributes
                0x00000000000002e7       0x2d ./Drivers/STM32F1xx_HAL_Driver/Src/stm32f1xx_hal_tim.o
 .ARM.attributes
                0x0000000000000314       0x2d ./Drivers/STM32F1xx_HAL_Driver/Src/stm32f1xx_hal_tim_ex.o
 .ARM.attributes
                0x0000000000000341       0x2d c:/st/stm32cubeide_1.7.0/stm32cubeide/plugins/com.st.stm32cube.ide.mcu.externaltools.gnu-tools-for-stm32.9-2020-q2-update.win32_2.0.0.202105311346/tools/bin/../lib/gcc/arm-none-eabi/9.3.1/../../../../arm-none-eabi/lib/thumb/v7-m/nofp\libc_nano.a(lib_a-init.o)
 .ARM.attributes
                0x000000000000036e       0x2d c:/st/stm32cubeide_1.7.0/stm32cubeide/plugins/com.st.stm32cube.ide.mcu.externaltools.gnu-tools-for-stm32.9-2020-q2-update.win32_2.0.0.202105311346/tools/bin/../lib/gcc/arm-none-eabi/9.3.1/../../../../arm-none-eabi/lib/thumb/v7-m/nofp\libc_nano.a(lib_a-memset.o)
 .ARM.attributes
                0x000000000000039b       0x1d c:/st/stm32cubeide_1.7.0/stm32cubeide/plugins/com.st.stm32cube.ide.mcu.externaltools.gnu-tools-for-stm32.9-2020-q2-update.win32_2.0.0.202105311346/tools/bin/../lib/gcc/arm-none-eabi/9.3.1/thumb/v7-m/nofp/crtn.o
OUTPUT(LAB3_EX.elf elf32-littlearm)
LOAD linker stubs
LOAD c:/st/stm32cubeide_1.7.0/stm32cubeide/plugins/com.st.stm32cube.ide.mcu.externaltools.gnu-tools-for-stm32.9-2020-q2-update.win32_2.0.0.202105311346/tools/bin/../lib/gcc/arm-none-eabi/9.3.1/../../../../arm-none-eabi/lib/thumb/v7-m/nofp\libc.a
LOAD c:/st/stm32cubeide_1.7.0/stm32cubeide/plugins/com.st.stm32cube.ide.mcu.externaltools.gnu-tools-for-stm32.9-2020-q2-update.win32_2.0.0.202105311346/tools/bin/../lib/gcc/arm-none-eabi/9.3.1/../../../../arm-none-eabi/lib/thumb/v7-m/nofp\libm.a
LOAD c:/st/stm32cubeide_1.7.0/stm32cubeide/plugins/com.st.stm32cube.ide.mcu.externaltools.gnu-tools-for-stm32.9-2020-q2-update.win32_2.0.0.202105311346/tools/bin/../lib/gcc/arm-none-eabi/9.3.1/thumb/v7-m/nofp\libgcc.a

.debug_info     0x0000000000000000     0x98f6
 .debug_info    0x0000000000000000      0x479 ./Core/Src/BUTTON.o
 .debug_info    0x0000000000000479       0xdf ./Core/Src/global.o
 .debug_info    0x0000000000000558      0x403 ./Core/Src/led_7_seg.o
 .debug_info    0x000000000000095b      0x389 ./Core/Src/led_traffic.o
 .debug_info    0x0000000000000ce4      0xca8 ./Core/Src/main.o
 .debug_info    0x000000000000198c      0x3cf ./Core/Src/software_timer.o
 .debug_info    0x0000000000001d5b      0xa09 ./Core/Src/stm32f1xx_hal_msp.o
 .debug_info    0x0000000000002764      0x7b9 ./Core/Src/stm32f1xx_it.o
 .debug_info    0x0000000000002f1d      0x2be ./Core/Src/system_stm32f1xx.o
 .debug_info    0x00000000000031db      0x2ca ./Core/Src/traffic_fsm.o
 .debug_info    0x00000000000034a5       0x22 ./Core/Startup/startup_stm32f103c6ux.o
 .debug_info    0x00000000000034c7      0x74c ./Drivers/STM32F1xx_HAL_Driver/Src/stm32f1xx_hal.o
 .debug_info    0x0000000000003c13      0xbbe ./Drivers/STM32F1xx_HAL_Driver/Src/stm32f1xx_hal_cortex.o
 .debug_info    0x00000000000047d1      0x701 ./Drivers/STM32F1xx_HAL_Driver/Src/stm32f1xx_hal_gpio.o
 .debug_info    0x0000000000004ed2      0x893 ./Drivers/STM32F1xx_HAL_Driver/Src/stm32f1xx_hal_rcc.o
 .debug_info    0x0000000000005765     0x2c12 ./Drivers/STM32F1xx_HAL_Driver/Src/stm32f1xx_hal_tim.o
 .debug_info    0x0000000000008377     0x157f ./Drivers/STM32F1xx_HAL_Driver/Src/stm32f1xx_hal_tim_ex.o

.debug_abbrev   0x0000000000000000     0x1b03
 .debug_abbrev  0x0000000000000000      0x16c ./Core/Src/BUTTON.o
 .debug_abbrev  0x000000000000016c       0x40 ./Core/Src/global.o
 .debug_abbrev  0x00000000000001ac      0x171 ./Core/Src/led_7_seg.o
 .debug_abbrev  0x000000000000031d       0xff ./Core/Src/led_traffic.o
 .debug_abbrev  0x000000000000041c      0x22c ./Core/Src/main.o
 .debug_abbrev  0x0000000000000648      0x159 ./Core/Src/software_timer.o
 .debug_abbrev  0x00000000000007a1      0x1b7 ./Core/Src/stm32f1xx_hal_msp.o
 .debug_abbrev  0x0000000000000958      0x176 ./Core/Src/stm32f1xx_it.o
 .debug_abbrev  0x0000000000000ace      0x14e ./Core/Src/system_stm32f1xx.o
 .debug_abbrev  0x0000000000000c1c       0xb6 ./Core/Src/traffic_fsm.o
 .debug_abbrev  0x0000000000000cd2       0x12 ./Core/Startup/startup_stm32f103c6ux.o
 .debug_abbrev  0x0000000000000ce4      0x1ed ./Drivers/STM32F1xx_HAL_Driver/Src/stm32f1xx_hal.o
 .debug_abbrev  0x0000000000000ed1      0x313 ./Drivers/STM32F1xx_HAL_Driver/Src/stm32f1xx_hal_cortex.o
 .debug_abbrev  0x00000000000011e4      0x1e8 ./Drivers/STM32F1xx_HAL_Driver/Src/stm32f1xx_hal_gpio.o
 .debug_abbrev  0x00000000000013cc      0x273 ./Drivers/STM32F1xx_HAL_Driver/Src/stm32f1xx_hal_rcc.o
 .debug_abbrev  0x000000000000163f      0x25e ./Drivers/STM32F1xx_HAL_Driver/Src/stm32f1xx_hal_tim.o
 .debug_abbrev  0x000000000000189d      0x266 ./Drivers/STM32F1xx_HAL_Driver/Src/stm32f1xx_hal_tim_ex.o

.debug_aranges  0x0000000000000000      0xa78
 .debug_aranges
                0x0000000000000000       0x40 ./Core/Src/BUTTON.o
 .debug_aranges
                0x0000000000000040       0x18 ./Core/Src/global.o
 .debug_aranges
                0x0000000000000058       0x40 ./Core/Src/led_7_seg.o
 .debug_aranges
                0x0000000000000098       0x38 ./Core/Src/led_traffic.o
 .debug_aranges
                0x00000000000000d0       0x48 ./Core/Src/main.o
 .debug_aranges
                0x0000000000000118       0x48 ./Core/Src/software_timer.o
 .debug_aranges
                0x0000000000000160       0x30 ./Core/Src/stm32f1xx_hal_msp.o
 .debug_aranges
                0x0000000000000190       0x68 ./Core/Src/stm32f1xx_it.o
 .debug_aranges
                0x00000000000001f8       0x28 ./Core/Src/system_stm32f1xx.o
 .debug_aranges
                0x0000000000000220       0x30 ./Core/Src/traffic_fsm.o
 .debug_aranges
                0x0000000000000250       0x28 ./Core/Startup/startup_stm32f103c6ux.o
 .debug_aranges
                0x0000000000000278       0xe0 ./Drivers/STM32F1xx_HAL_Driver/Src/stm32f1xx_hal.o
 .debug_aranges
                0x0000000000000358      0x100 ./Drivers/STM32F1xx_HAL_Driver/Src/stm32f1xx_hal_cortex.o
 .debug_aranges
                0x0000000000000458       0x58 ./Drivers/STM32F1xx_HAL_Driver/Src/stm32f1xx_hal_gpio.o
 .debug_aranges
                0x00000000000004b0       0x90 ./Drivers/STM32F1xx_HAL_Driver/Src/stm32f1xx_hal_rcc.o
 .debug_aranges
                0x0000000000000540      0x3d0 ./Drivers/STM32F1xx_HAL_Driver/Src/stm32f1xx_hal_tim.o
 .debug_aranges
                0x0000000000000910      0x168 ./Drivers/STM32F1xx_HAL_Driver/Src/stm32f1xx_hal_tim_ex.o

.debug_ranges   0x0000000000000000      0x968
 .debug_ranges  0x0000000000000000       0x30 ./Core/Src/BUTTON.o
 .debug_ranges  0x0000000000000030       0x30 ./Core/Src/led_7_seg.o
 .debug_ranges  0x0000000000000060       0x28 ./Core/Src/led_traffic.o
 .debug_ranges  0x0000000000000088       0x38 ./Core/Src/main.o
 .debug_ranges  0x00000000000000c0       0x38 ./Core/Src/software_timer.o
 .debug_ranges  0x00000000000000f8       0x20 ./Core/Src/stm32f1xx_hal_msp.o
 .debug_ranges  0x0000000000000118       0x58 ./Core/Src/stm32f1xx_it.o
 .debug_ranges  0x0000000000000170       0x18 ./Core/Src/system_stm32f1xx.o
 .debug_ranges  0x0000000000000188       0x20 ./Core/Src/traffic_fsm.o
 .debug_ranges  0x00000000000001a8       0x20 ./Core/Startup/startup_stm32f103c6ux.o
 .debug_ranges  0x00000000000001c8       0xd0 ./Drivers/STM32F1xx_HAL_Driver/Src/stm32f1xx_hal.o
 .debug_ranges  0x0000000000000298       0xf0 ./Drivers/STM32F1xx_HAL_Driver/Src/stm32f1xx_hal_cortex.o
 .debug_ranges  0x0000000000000388       0x48 ./Drivers/STM32F1xx_HAL_Driver/Src/stm32f1xx_hal_gpio.o
 .debug_ranges  0x00000000000003d0       0x80 ./Drivers/STM32F1xx_HAL_Driver/Src/stm32f1xx_hal_rcc.o
 .debug_ranges  0x0000000000000450      0x3c0 ./Drivers/STM32F1xx_HAL_Driver/Src/stm32f1xx_hal_tim.o
 .debug_ranges  0x0000000000000810      0x158 ./Drivers/STM32F1xx_HAL_Driver/Src/stm32f1xx_hal_tim_ex.o

.debug_macro    0x0000000000000000    0x16d19
 .debug_macro   0x0000000000000000      0x1df ./Core/Src/BUTTON.o
 .debug_macro   0x00000000000001df      0xa9c ./Core/Src/BUTTON.o
 .debug_macro   0x0000000000000c7b       0x6a ./Core/Src/BUTTON.o
 .debug_macro   0x0000000000000ce5      0x215 ./Core/Src/BUTTON.o
 .debug_macro   0x0000000000000efa       0x2e ./Core/Src/BUTTON.o
 .debug_macro   0x0000000000000f28       0x22 ./Core/Src/BUTTON.o
 .debug_macro   0x0000000000000f4a       0x22 ./Core/Src/BUTTON.o
 .debug_macro   0x0000000000000f6c       0x8e ./Core/Src/BUTTON.o
 .debug_macro   0x0000000000000ffa       0x51 ./Core/Src/BUTTON.o
 .debug_macro   0x000000000000104b      0x103 ./Core/Src/BUTTON.o
 .debug_macro   0x000000000000114e       0x6a ./Core/Src/BUTTON.o
 .debug_macro   0x00000000000011b8      0x1df ./Core/Src/BUTTON.o
 .debug_macro   0x0000000000001397       0x1c ./Core/Src/BUTTON.o
 .debug_macro   0x00000000000013b3       0x22 ./Core/Src/BUTTON.o
 .debug_macro   0x00000000000013d5       0xc3 ./Core/Src/BUTTON.o
 .debug_macro   0x0000000000001498      0xd23 ./Core/Src/BUTTON.o
 .debug_macro   0x00000000000021bb     0xde75 ./Core/Src/BUTTON.o
 .debug_macro   0x0000000000010030       0x6d ./Core/Src/BUTTON.o
 .debug_macro   0x000000000001009d     0x348d ./Core/Src/BUTTON.o
 .debug_macro   0x000000000001352a      0x174 ./Core/Src/BUTTON.o
 .debug_macro   0x000000000001369e       0x5c ./Core/Src/BUTTON.o
 .debug_macro   0x00000000000136fa      0x5bc ./Core/Src/BUTTON.o
 .debug_macro   0x0000000000013cb6      0x1b7 ./Core/Src/BUTTON.o
 .debug_macro   0x0000000000013e6d      0x1cb ./Core/Src/BUTTON.o
 .debug_macro   0x0000000000014038      0x114 ./Core/Src/BUTTON.o
 .debug_macro   0x000000000001414c      0x1b2 ./Core/Src/BUTTON.o
 .debug_macro   0x00000000000142fe       0x27 ./Core/Src/BUTTON.o
 .debug_macro   0x0000000000014325      0x12f ./Core/Src/BUTTON.o
 .debug_macro   0x0000000000014454      0x1bc ./Core/Src/BUTTON.o
 .debug_macro   0x0000000000014610       0x34 ./Core/Src/BUTTON.o
 .debug_macro   0x0000000000014644       0x3c ./Core/Src/BUTTON.o
 .debug_macro   0x0000000000014680       0x57 ./Core/Src/BUTTON.o
 .debug_macro   0x00000000000146d7       0x87 ./Core/Src/BUTTON.o
 .debug_macro   0x000000000001475e      0x183 ./Core/Src/BUTTON.o
 .debug_macro   0x00000000000148e1      0x140 ./Core/Src/BUTTON.o
 .debug_macro   0x0000000000014a21      0x8ed ./Core/Src/BUTTON.o
 .debug_macro   0x000000000001530e       0x69 ./Core/Src/BUTTON.o
 .debug_macro   0x0000000000015377       0xf4 ./Core/Src/BUTTON.o
 .debug_macro   0x000000000001546b       0x1a ./Core/Src/global.o
 .debug_macro   0x0000000000015485      0x1df ./Core/Src/led_7_seg.o
 .debug_macro   0x0000000000015664      0x1db ./Core/Src/led_traffic.o
 .debug_macro   0x000000000001583f      0x1fd ./Core/Src/main.o
 .debug_macro   0x0000000000015a3c      0x1db ./Core/Src/software_timer.o
 .debug_macro   0x0000000000015c17      0x1a6 ./Core/Src/stm32f1xx_hal_msp.o
 .debug_macro   0x0000000000015dbd      0x1b0 ./Core/Src/stm32f1xx_it.o
 .debug_macro   0x0000000000015f6d      0x197 ./Core/Src/system_stm32f1xx.o
 .debug_macro   0x0000000000016104      0x1e9 ./Core/Src/traffic_fsm.o
 .debug_macro   0x00000000000162ed      0x1bb ./Drivers/STM32F1xx_HAL_Driver/Src/stm32f1xx_hal.o
 .debug_macro   0x00000000000164a8      0x197 ./Drivers/STM32F1xx_HAL_Driver/Src/stm32f1xx_hal_cortex.o
 .debug_macro   0x000000000001663f      0x202 ./Drivers/STM32F1xx_HAL_Driver/Src/stm32f1xx_hal_gpio.o
 .debug_macro   0x0000000000016841      0x1a9 ./Drivers/STM32F1xx_HAL_Driver/Src/stm32f1xx_hal_rcc.o
 .debug_macro   0x00000000000169ea      0x198 ./Drivers/STM32F1xx_HAL_Driver/Src/stm32f1xx_hal_tim.o
 .debug_macro   0x0000000000016b82      0x197 ./Drivers/STM32F1xx_HAL_Driver/Src/stm32f1xx_hal_tim_ex.o

.debug_line     0x0000000000000000     0xba98
 .debug_line    0x0000000000000000      0x807 ./Core/Src/BUTTON.o
 .debug_line    0x0000000000000807       0x4d ./Core/Src/global.o
 .debug_line    0x0000000000000854      0x79b ./Core/Src/led_7_seg.o
 .debug_line    0x0000000000000fef      0x74b ./Core/Src/led_traffic.o
 .debug_line    0x000000000000173a      0x7f2 ./Core/Src/main.o
 .debug_line    0x0000000000001f2c      0x771 ./Core/Src/software_timer.o
 .debug_line    0x000000000000269d      0x6a1 ./Core/Src/stm32f1xx_hal_msp.o
 .debug_line    0x0000000000002d3e      0x73f ./Core/Src/stm32f1xx_it.o
 .debug_line    0x000000000000347d      0x6e3 ./Core/Src/system_stm32f1xx.o
 .debug_line    0x0000000000003b60      0x87f ./Core/Src/traffic_fsm.o
 .debug_line    0x00000000000043df       0x86 ./Core/Startup/startup_stm32f103c6ux.o
 .debug_line    0x0000000000004465      0x910 ./Drivers/STM32F1xx_HAL_Driver/Src/stm32f1xx_hal.o
 .debug_line    0x0000000000004d75      0xaf8 ./Drivers/STM32F1xx_HAL_Driver/Src/stm32f1xx_hal_cortex.o
 .debug_line    0x000000000000586d      0x993 ./Drivers/STM32F1xx_HAL_Driver/Src/stm32f1xx_hal_gpio.o
 .debug_line    0x0000000000006200      0xd1c ./Drivers/STM32F1xx_HAL_Driver/Src/stm32f1xx_hal_rcc.o
 .debug_line    0x0000000000006f1c     0x3346 ./Drivers/STM32F1xx_HAL_Driver/Src/stm32f1xx_hal_tim.o
 .debug_line    0x000000000000a262     0x1836 ./Drivers/STM32F1xx_HAL_Driver/Src/stm32f1xx_hal_tim_ex.o

.debug_str      0x0000000000000000    0x8255c
 .debug_str     0x0000000000000000    0x7fa31 ./Core/Src/BUTTON.o
                                      0x7fd84 (size before relaxing)
 .debug_str     0x000000000007fa31       0x15 ./Core/Src/global.o
                                       0x2f16 (size before relaxing)
 .debug_str     0x000000000007fa46       0x9b ./Core/Src/led_7_seg.o
                                      0x7fdae (size before relaxing)
 .debug_str     0x000000000007fae1       0x74 ./Core/Src/led_traffic.o
                                      0x7fd81 (size before relaxing)
 .debug_str     0x000000000007fb55      0x6f3 ./Core/Src/main.o
                                      0x804c6 (size before relaxing)
 .debug_str     0x0000000000080248       0x85 ./Core/Src/software_timer.o
                                      0x7fd67 (size before relaxing)
 .debug_str     0x00000000000802cd      0x2ba ./Core/Src/stm32f1xx_hal_msp.o
                                      0x8024d (size before relaxing)
 .debug_str     0x0000000000080587       0xcd ./Core/Src/stm32f1xx_it.o
                                      0x7ffaf (size before relaxing)
 .debug_str     0x0000000000080654       0x52 ./Core/Src/system_stm32f1xx.o
                                      0x7f6d0 (size before relaxing)
 .debug_str     0x00000000000806a6       0x4d ./Core/Src/traffic_fsm.o
                                      0x7fd3d (size before relaxing)
 .debug_str     0x00000000000806f3       0x36 ./Core/Startup/startup_stm32f103c6ux.o
                                         0x5f (size before relaxing)
 .debug_str     0x0000000000080729      0x304 ./Drivers/STM32F1xx_HAL_Driver/Src/stm32f1xx_hal.o
                                      0x7fd27 (size before relaxing)
 .debug_str     0x0000000000080a2d      0x300 ./Drivers/STM32F1xx_HAL_Driver/Src/stm32f1xx_hal_cortex.o
                                      0x7fd2f (size before relaxing)
 .debug_str     0x0000000000080d2d      0x324 ./Drivers/STM32F1xx_HAL_Driver/Src/stm32f1xx_hal_gpio.o
                                      0x7fa94 (size before relaxing)
 .debug_str     0x0000000000081051      0x24f ./Drivers/STM32F1xx_HAL_Driver/Src/stm32f1xx_hal_rcc.o
                                      0x7facd (size before relaxing)
 .debug_str     0x00000000000812a0      0xdce ./Drivers/STM32F1xx_HAL_Driver/Src/stm32f1xx_hal_tim.o
                                      0x80aa6 (size before relaxing)
 .debug_str     0x000000000008206e      0x4ee ./Drivers/STM32F1xx_HAL_Driver/Src/stm32f1xx_hal_tim_ex.o
                                      0x80257 (size before relaxing)

.comment        0x0000000000000000       0x53
 .comment       0x0000000000000000       0x53 ./Core/Src/BUTTON.o
                                         0x54 (size before relaxing)
 .comment       0x0000000000000053       0x54 ./Core/Src/global.o
 .comment       0x0000000000000053       0x54 ./Core/Src/led_7_seg.o
 .comment       0x0000000000000053       0x54 ./Core/Src/led_traffic.o
 .comment       0x0000000000000053       0x54 ./Core/Src/main.o
 .comment       0x0000000000000053       0x54 ./Core/Src/software_timer.o
 .comment       0x0000000000000053       0x54 ./Core/Src/stm32f1xx_hal_msp.o
 .comment       0x0000000000000053       0x54 ./Core/Src/stm32f1xx_it.o
 .comment       0x0000000000000053       0x54 ./Core/Src/system_stm32f1xx.o
 .comment       0x0000000000000053       0x54 ./Core/Src/traffic_fsm.o
 .comment       0x0000000000000053       0x54 ./Drivers/STM32F1xx_HAL_Driver/Src/stm32f1xx_hal.o
 .comment       0x0000000000000053       0x54 ./Drivers/STM32F1xx_HAL_Driver/Src/stm32f1xx_hal_cortex.o
 .comment       0x0000000000000053       0x54 ./Drivers/STM32F1xx_HAL_Driver/Src/stm32f1xx_hal_gpio.o
 .comment       0x0000000000000053       0x54 ./Drivers/STM32F1xx_HAL_Driver/Src/stm32f1xx_hal_rcc.o
 .comment       0x0000000000000053       0x54 ./Drivers/STM32F1xx_HAL_Driver/Src/stm32f1xx_hal_tim.o
 .comment       0x0000000000000053       0x54 ./Drivers/STM32F1xx_HAL_Driver/Src/stm32f1xx_hal_tim_ex.o

.debug_frame    0x0000000000000000     0x2944
 .debug_frame   0x0000000000000000       0xd0 ./Core/Src/BUTTON.o
 .debug_frame   0x00000000000000d0       0xc8 ./Core/Src/led_7_seg.o
 .debug_frame   0x0000000000000198       0x80 ./Core/Src/led_traffic.o
 .debug_frame   0x0000000000000218       0xd4 ./Core/Src/main.o
 .debug_frame   0x00000000000002ec      0x100 ./Core/Src/software_timer.o
 .debug_frame   0x00000000000003ec       0x80 ./Core/Src/stm32f1xx_hal_msp.o
 .debug_frame   0x000000000000046c      0x120 ./Core/Src/stm32f1xx_it.o
 .debug_frame   0x000000000000058c       0x58 ./Core/Src/system_stm32f1xx.o
 .debug_frame   0x00000000000005e4       0x64 ./Core/Src/traffic_fsm.o
 .debug_frame   0x0000000000000648      0x334 ./Drivers/STM32F1xx_HAL_Driver/Src/stm32f1xx_hal.o
 .debug_frame   0x000000000000097c      0x428 ./Drivers/STM32F1xx_HAL_Driver/Src/stm32f1xx_hal_cortex.o
 .debug_frame   0x0000000000000da4      0x14c ./Drivers/STM32F1xx_HAL_Driver/Src/stm32f1xx_hal_gpio.o
 .debug_frame   0x0000000000000ef0      0x218 ./Drivers/STM32F1xx_HAL_Driver/Src/stm32f1xx_hal_rcc.o
 .debug_frame   0x0000000000001108     0x11b8 ./Drivers/STM32F1xx_HAL_Driver/Src/stm32f1xx_hal_tim.o
 .debug_frame   0x00000000000022c0      0x638 ./Drivers/STM32F1xx_HAL_Driver/Src/stm32f1xx_hal_tim_ex.o
 .debug_frame   0x00000000000028f8       0x2c c:/st/stm32cubeide_1.7.0/stm32cubeide/plugins/com.st.stm32cube.ide.mcu.externaltools.gnu-tools-for-stm32.9-2020-q2-update.win32_2.0.0.202105311346/tools/bin/../lib/gcc/arm-none-eabi/9.3.1/../../../../arm-none-eabi/lib/thumb/v7-m/nofp\libc_nano.a(lib_a-init.o)
 .debug_frame   0x0000000000002924       0x20 c:/st/stm32cubeide_1.7.0/stm32cubeide/plugins/com.st.stm32cube.ide.mcu.externaltools.gnu-tools-for-stm32.9-2020-q2-update.win32_2.0.0.202105311346/tools/bin/../lib/gcc/arm-none-eabi/9.3.1/../../../../arm-none-eabi/lib/thumb/v7-m/nofp\libc_nano.a(lib_a-memset.o)
